exports[`Battery classCompile matches snapshot 1`] = `
Object {
  "py1": Object {
    "padding-bottom": "0.6rem",
    "padding-top": "0.6rem",
  },
}
`;

exports[`Battery propGroupCompile matches expectations 1`] = `
Object {
  "margin": Object {
    "mobileFirstValues": Object {
      "lg": Array [
        Object {
          "m0-lg": Object {
            "margin": "0rem",
          },
        },
        Object {
          "m1-lg": Object {
            "margin": "0.6rem",
          },
        },
        Object {
          "m2-lg": Object {
            "margin": "1.2rem",
          },
        },
        Object {
          "m3-lg": Object {
            "margin": "1.8rem",
          },
        },
        Object {
          "m4-lg": Object {
            "margin": "2.4rem",
          },
        },
        Object {
          "m5-lg": Object {
            "margin": "3rem",
          },
        },
        Object {
          "m6-lg": Object {
            "margin": "3.6rem",
          },
        },
        Object {
          "m7-lg": Object {
            "margin": "4.2rem",
          },
        },
        Object {
          "m8-lg": Object {
            "margin": "4.8rem",
          },
        },
        Object {
          "m9-lg": Object {
            "margin": "5.4rem",
          },
        },
        Object {
          "m10-lg": Object {
            "margin": "6rem",
          },
        },
        Object {
          "m11-lg": Object {
            "margin": "6.6rem",
          },
        },
        Object {
          "m12-lg": Object {
            "margin": "7.2rem",
          },
        },
        Object {
          "m13-lg": Object {
            "margin": "7.8rem",
          },
        },
        Object {
          "m14-lg": Object {
            "margin": "8.4rem",
          },
        },
        Object {
          "m15-lg": Object {
            "margin": "9rem",
          },
        },
        Object {
          "m16-lg": Object {
            "margin": "9.6rem",
          },
        },
        Object {
          "m17-lg": Object {
            "margin": "10.2rem",
          },
        },
        Object {
          "m18-lg": Object {
            "margin": "10.8rem",
          },
        },
        Object {
          "m19-lg": Object {
            "margin": "11.4rem",
          },
        },
        Object {
          "m20-lg": Object {
            "margin": "12rem",
          },
        },
        Object {
          "mt0-lg": Object {
            "margin-top": "0rem",
          },
        },
        Object {
          "mt1-lg": Object {
            "margin-top": "0.6rem",
          },
        },
        Object {
          "mt2-lg": Object {
            "margin-top": "1.2rem",
          },
        },
        Object {
          "mt3-lg": Object {
            "margin-top": "1.8rem",
          },
        },
        Object {
          "mt4-lg": Object {
            "margin-top": "2.4rem",
          },
        },
        Object {
          "mt5-lg": Object {
            "margin-top": "3rem",
          },
        },
        Object {
          "mt6-lg": Object {
            "margin-top": "3.6rem",
          },
        },
        Object {
          "mt7-lg": Object {
            "margin-top": "4.2rem",
          },
        },
        Object {
          "mt8-lg": Object {
            "margin-top": "4.8rem",
          },
        },
        Object {
          "mt9-lg": Object {
            "margin-top": "5.4rem",
          },
        },
        Object {
          "mt10-lg": Object {
            "margin-top": "6rem",
          },
        },
        Object {
          "mt11-lg": Object {
            "margin-top": "6.6rem",
          },
        },
        Object {
          "mt12-lg": Object {
            "margin-top": "7.2rem",
          },
        },
        Object {
          "mt13-lg": Object {
            "margin-top": "7.8rem",
          },
        },
        Object {
          "mt14-lg": Object {
            "margin-top": "8.4rem",
          },
        },
        Object {
          "mt15-lg": Object {
            "margin-top": "9rem",
          },
        },
        Object {
          "mt16-lg": Object {
            "margin-top": "9.6rem",
          },
        },
        Object {
          "mt17-lg": Object {
            "margin-top": "10.2rem",
          },
        },
        Object {
          "mt18-lg": Object {
            "margin-top": "10.8rem",
          },
        },
        Object {
          "mt19-lg": Object {
            "margin-top": "11.4rem",
          },
        },
        Object {
          "mt20-lg": Object {
            "margin-top": "12rem",
          },
        },
        Object {
          "mx0-lg": Object {
            "margin-left": "0rem",
            "margin-right": "0rem",
          },
        },
        Object {
          "mx1-lg": Object {
            "margin-left": "0.6rem",
            "margin-right": "0.6rem",
          },
        },
        Object {
          "mx2-lg": Object {
            "margin-left": "1.2rem",
            "margin-right": "1.2rem",
          },
        },
        Object {
          "mx3-lg": Object {
            "margin-left": "1.8rem",
            "margin-right": "1.8rem",
          },
        },
        Object {
          "mx4-lg": Object {
            "margin-left": "2.4rem",
            "margin-right": "2.4rem",
          },
        },
        Object {
          "mx5-lg": Object {
            "margin-left": "3rem",
            "margin-right": "3rem",
          },
        },
        Object {
          "mx6-lg": Object {
            "margin-left": "3.6rem",
            "margin-right": "3.6rem",
          },
        },
        Object {
          "mx7-lg": Object {
            "margin-left": "4.2rem",
            "margin-right": "4.2rem",
          },
        },
        Object {
          "mx8-lg": Object {
            "margin-left": "4.8rem",
            "margin-right": "4.8rem",
          },
        },
        Object {
          "mx9-lg": Object {
            "margin-left": "5.4rem",
            "margin-right": "5.4rem",
          },
        },
        Object {
          "mx10-lg": Object {
            "margin-left": "6rem",
            "margin-right": "6rem",
          },
        },
        Object {
          "mx11-lg": Object {
            "margin-left": "6.6rem",
            "margin-right": "6.6rem",
          },
        },
        Object {
          "mx12-lg": Object {
            "margin-left": "7.2rem",
            "margin-right": "7.2rem",
          },
        },
        Object {
          "mx13-lg": Object {
            "margin-left": "7.8rem",
            "margin-right": "7.8rem",
          },
        },
        Object {
          "mx14-lg": Object {
            "margin-left": "8.4rem",
            "margin-right": "8.4rem",
          },
        },
        Object {
          "mx15-lg": Object {
            "margin-left": "9rem",
            "margin-right": "9rem",
          },
        },
        Object {
          "mx16-lg": Object {
            "margin-left": "9.6rem",
            "margin-right": "9.6rem",
          },
        },
        Object {
          "mx17-lg": Object {
            "margin-left": "10.2rem",
            "margin-right": "10.2rem",
          },
        },
        Object {
          "mx18-lg": Object {
            "margin-left": "10.8rem",
            "margin-right": "10.8rem",
          },
        },
        Object {
          "mx19-lg": Object {
            "margin-left": "11.4rem",
            "margin-right": "11.4rem",
          },
        },
        Object {
          "mx20-lg": Object {
            "margin-left": "12rem",
            "margin-right": "12rem",
          },
        },
      ],
      "md": Array [
        Object {
          "m0-md": Object {
            "margin": "0rem",
          },
        },
        Object {
          "m1-md": Object {
            "margin": "0.6rem",
          },
        },
        Object {
          "m2-md": Object {
            "margin": "1.2rem",
          },
        },
        Object {
          "m3-md": Object {
            "margin": "1.8rem",
          },
        },
        Object {
          "m4-md": Object {
            "margin": "2.4rem",
          },
        },
        Object {
          "m5-md": Object {
            "margin": "3rem",
          },
        },
        Object {
          "m6-md": Object {
            "margin": "3.6rem",
          },
        },
        Object {
          "m7-md": Object {
            "margin": "4.2rem",
          },
        },
        Object {
          "m8-md": Object {
            "margin": "4.8rem",
          },
        },
        Object {
          "m9-md": Object {
            "margin": "5.4rem",
          },
        },
        Object {
          "m10-md": Object {
            "margin": "6rem",
          },
        },
        Object {
          "m11-md": Object {
            "margin": "6.6rem",
          },
        },
        Object {
          "m12-md": Object {
            "margin": "7.2rem",
          },
        },
        Object {
          "m13-md": Object {
            "margin": "7.8rem",
          },
        },
        Object {
          "m14-md": Object {
            "margin": "8.4rem",
          },
        },
        Object {
          "m15-md": Object {
            "margin": "9rem",
          },
        },
        Object {
          "m16-md": Object {
            "margin": "9.6rem",
          },
        },
        Object {
          "m17-md": Object {
            "margin": "10.2rem",
          },
        },
        Object {
          "m18-md": Object {
            "margin": "10.8rem",
          },
        },
        Object {
          "m19-md": Object {
            "margin": "11.4rem",
          },
        },
        Object {
          "m20-md": Object {
            "margin": "12rem",
          },
        },
        Object {
          "mt0-md": Object {
            "margin-top": "0rem",
          },
        },
        Object {
          "mt1-md": Object {
            "margin-top": "0.6rem",
          },
        },
        Object {
          "mt2-md": Object {
            "margin-top": "1.2rem",
          },
        },
        Object {
          "mt3-md": Object {
            "margin-top": "1.8rem",
          },
        },
        Object {
          "mt4-md": Object {
            "margin-top": "2.4rem",
          },
        },
        Object {
          "mt5-md": Object {
            "margin-top": "3rem",
          },
        },
        Object {
          "mt6-md": Object {
            "margin-top": "3.6rem",
          },
        },
        Object {
          "mt7-md": Object {
            "margin-top": "4.2rem",
          },
        },
        Object {
          "mt8-md": Object {
            "margin-top": "4.8rem",
          },
        },
        Object {
          "mt9-md": Object {
            "margin-top": "5.4rem",
          },
        },
        Object {
          "mt10-md": Object {
            "margin-top": "6rem",
          },
        },
        Object {
          "mt11-md": Object {
            "margin-top": "6.6rem",
          },
        },
        Object {
          "mt12-md": Object {
            "margin-top": "7.2rem",
          },
        },
        Object {
          "mt13-md": Object {
            "margin-top": "7.8rem",
          },
        },
        Object {
          "mt14-md": Object {
            "margin-top": "8.4rem",
          },
        },
        Object {
          "mt15-md": Object {
            "margin-top": "9rem",
          },
        },
        Object {
          "mt16-md": Object {
            "margin-top": "9.6rem",
          },
        },
        Object {
          "mt17-md": Object {
            "margin-top": "10.2rem",
          },
        },
        Object {
          "mt18-md": Object {
            "margin-top": "10.8rem",
          },
        },
        Object {
          "mt19-md": Object {
            "margin-top": "11.4rem",
          },
        },
        Object {
          "mt20-md": Object {
            "margin-top": "12rem",
          },
        },
        Object {
          "mx0-md": Object {
            "margin-left": "0rem",
            "margin-right": "0rem",
          },
        },
        Object {
          "mx1-md": Object {
            "margin-left": "0.6rem",
            "margin-right": "0.6rem",
          },
        },
        Object {
          "mx2-md": Object {
            "margin-left": "1.2rem",
            "margin-right": "1.2rem",
          },
        },
        Object {
          "mx3-md": Object {
            "margin-left": "1.8rem",
            "margin-right": "1.8rem",
          },
        },
        Object {
          "mx4-md": Object {
            "margin-left": "2.4rem",
            "margin-right": "2.4rem",
          },
        },
        Object {
          "mx5-md": Object {
            "margin-left": "3rem",
            "margin-right": "3rem",
          },
        },
        Object {
          "mx6-md": Object {
            "margin-left": "3.6rem",
            "margin-right": "3.6rem",
          },
        },
        Object {
          "mx7-md": Object {
            "margin-left": "4.2rem",
            "margin-right": "4.2rem",
          },
        },
        Object {
          "mx8-md": Object {
            "margin-left": "4.8rem",
            "margin-right": "4.8rem",
          },
        },
        Object {
          "mx9-md": Object {
            "margin-left": "5.4rem",
            "margin-right": "5.4rem",
          },
        },
        Object {
          "mx10-md": Object {
            "margin-left": "6rem",
            "margin-right": "6rem",
          },
        },
        Object {
          "mx11-md": Object {
            "margin-left": "6.6rem",
            "margin-right": "6.6rem",
          },
        },
        Object {
          "mx12-md": Object {
            "margin-left": "7.2rem",
            "margin-right": "7.2rem",
          },
        },
        Object {
          "mx13-md": Object {
            "margin-left": "7.8rem",
            "margin-right": "7.8rem",
          },
        },
        Object {
          "mx14-md": Object {
            "margin-left": "8.4rem",
            "margin-right": "8.4rem",
          },
        },
        Object {
          "mx15-md": Object {
            "margin-left": "9rem",
            "margin-right": "9rem",
          },
        },
        Object {
          "mx16-md": Object {
            "margin-left": "9.6rem",
            "margin-right": "9.6rem",
          },
        },
        Object {
          "mx17-md": Object {
            "margin-left": "10.2rem",
            "margin-right": "10.2rem",
          },
        },
        Object {
          "mx18-md": Object {
            "margin-left": "10.8rem",
            "margin-right": "10.8rem",
          },
        },
        Object {
          "mx19-md": Object {
            "margin-left": "11.4rem",
            "margin-right": "11.4rem",
          },
        },
        Object {
          "mx20-md": Object {
            "margin-left": "12rem",
            "margin-right": "12rem",
          },
        },
      ],
      "sm": Array [
        Object {
          "m0-sm": Object {
            "margin": "0rem",
          },
        },
        Object {
          "m1-sm": Object {
            "margin": "0.6rem",
          },
        },
        Object {
          "m2-sm": Object {
            "margin": "1.2rem",
          },
        },
        Object {
          "m3-sm": Object {
            "margin": "1.8rem",
          },
        },
        Object {
          "m4-sm": Object {
            "margin": "2.4rem",
          },
        },
        Object {
          "m5-sm": Object {
            "margin": "3rem",
          },
        },
        Object {
          "m6-sm": Object {
            "margin": "3.6rem",
          },
        },
        Object {
          "m7-sm": Object {
            "margin": "4.2rem",
          },
        },
        Object {
          "m8-sm": Object {
            "margin": "4.8rem",
          },
        },
        Object {
          "m9-sm": Object {
            "margin": "5.4rem",
          },
        },
        Object {
          "m10-sm": Object {
            "margin": "6rem",
          },
        },
        Object {
          "m11-sm": Object {
            "margin": "6.6rem",
          },
        },
        Object {
          "m12-sm": Object {
            "margin": "7.2rem",
          },
        },
        Object {
          "m13-sm": Object {
            "margin": "7.8rem",
          },
        },
        Object {
          "m14-sm": Object {
            "margin": "8.4rem",
          },
        },
        Object {
          "m15-sm": Object {
            "margin": "9rem",
          },
        },
        Object {
          "m16-sm": Object {
            "margin": "9.6rem",
          },
        },
        Object {
          "m17-sm": Object {
            "margin": "10.2rem",
          },
        },
        Object {
          "m18-sm": Object {
            "margin": "10.8rem",
          },
        },
        Object {
          "m19-sm": Object {
            "margin": "11.4rem",
          },
        },
        Object {
          "m20-sm": Object {
            "margin": "12rem",
          },
        },
        Object {
          "mt0-sm": Object {
            "margin-top": "0rem",
          },
        },
        Object {
          "mt1-sm": Object {
            "margin-top": "0.6rem",
          },
        },
        Object {
          "mt2-sm": Object {
            "margin-top": "1.2rem",
          },
        },
        Object {
          "mt3-sm": Object {
            "margin-top": "1.8rem",
          },
        },
        Object {
          "mt4-sm": Object {
            "margin-top": "2.4rem",
          },
        },
        Object {
          "mt5-sm": Object {
            "margin-top": "3rem",
          },
        },
        Object {
          "mt6-sm": Object {
            "margin-top": "3.6rem",
          },
        },
        Object {
          "mt7-sm": Object {
            "margin-top": "4.2rem",
          },
        },
        Object {
          "mt8-sm": Object {
            "margin-top": "4.8rem",
          },
        },
        Object {
          "mt9-sm": Object {
            "margin-top": "5.4rem",
          },
        },
        Object {
          "mt10-sm": Object {
            "margin-top": "6rem",
          },
        },
        Object {
          "mt11-sm": Object {
            "margin-top": "6.6rem",
          },
        },
        Object {
          "mt12-sm": Object {
            "margin-top": "7.2rem",
          },
        },
        Object {
          "mt13-sm": Object {
            "margin-top": "7.8rem",
          },
        },
        Object {
          "mt14-sm": Object {
            "margin-top": "8.4rem",
          },
        },
        Object {
          "mt15-sm": Object {
            "margin-top": "9rem",
          },
        },
        Object {
          "mt16-sm": Object {
            "margin-top": "9.6rem",
          },
        },
        Object {
          "mt17-sm": Object {
            "margin-top": "10.2rem",
          },
        },
        Object {
          "mt18-sm": Object {
            "margin-top": "10.8rem",
          },
        },
        Object {
          "mt19-sm": Object {
            "margin-top": "11.4rem",
          },
        },
        Object {
          "mt20-sm": Object {
            "margin-top": "12rem",
          },
        },
        Object {
          "mx0-sm": Object {
            "margin-left": "0rem",
            "margin-right": "0rem",
          },
        },
        Object {
          "mx1-sm": Object {
            "margin-left": "0.6rem",
            "margin-right": "0.6rem",
          },
        },
        Object {
          "mx2-sm": Object {
            "margin-left": "1.2rem",
            "margin-right": "1.2rem",
          },
        },
        Object {
          "mx3-sm": Object {
            "margin-left": "1.8rem",
            "margin-right": "1.8rem",
          },
        },
        Object {
          "mx4-sm": Object {
            "margin-left": "2.4rem",
            "margin-right": "2.4rem",
          },
        },
        Object {
          "mx5-sm": Object {
            "margin-left": "3rem",
            "margin-right": "3rem",
          },
        },
        Object {
          "mx6-sm": Object {
            "margin-left": "3.6rem",
            "margin-right": "3.6rem",
          },
        },
        Object {
          "mx7-sm": Object {
            "margin-left": "4.2rem",
            "margin-right": "4.2rem",
          },
        },
        Object {
          "mx8-sm": Object {
            "margin-left": "4.8rem",
            "margin-right": "4.8rem",
          },
        },
        Object {
          "mx9-sm": Object {
            "margin-left": "5.4rem",
            "margin-right": "5.4rem",
          },
        },
        Object {
          "mx10-sm": Object {
            "margin-left": "6rem",
            "margin-right": "6rem",
          },
        },
        Object {
          "mx11-sm": Object {
            "margin-left": "6.6rem",
            "margin-right": "6.6rem",
          },
        },
        Object {
          "mx12-sm": Object {
            "margin-left": "7.2rem",
            "margin-right": "7.2rem",
          },
        },
        Object {
          "mx13-sm": Object {
            "margin-left": "7.8rem",
            "margin-right": "7.8rem",
          },
        },
        Object {
          "mx14-sm": Object {
            "margin-left": "8.4rem",
            "margin-right": "8.4rem",
          },
        },
        Object {
          "mx15-sm": Object {
            "margin-left": "9rem",
            "margin-right": "9rem",
          },
        },
        Object {
          "mx16-sm": Object {
            "margin-left": "9.6rem",
            "margin-right": "9.6rem",
          },
        },
        Object {
          "mx17-sm": Object {
            "margin-left": "10.2rem",
            "margin-right": "10.2rem",
          },
        },
        Object {
          "mx18-sm": Object {
            "margin-left": "10.8rem",
            "margin-right": "10.8rem",
          },
        },
        Object {
          "mx19-sm": Object {
            "margin-left": "11.4rem",
            "margin-right": "11.4rem",
          },
        },
        Object {
          "mx20-sm": Object {
            "margin-left": "12rem",
            "margin-right": "12rem",
          },
        },
      ],
    },
    "perBreakpointValues": Object {
      "lg": Array [],
      "md": Array [],
      "sm": Array [],
      "xs": Array [],
    },
    "values": Array [
      Object {
        "m0": Object {
          "margin": "0rem",
        },
      },
      Object {
        "m1": Object {
          "margin": "0.6rem",
        },
      },
      Object {
        "m2": Object {
          "margin": "1.2rem",
        },
      },
      Object {
        "m3": Object {
          "margin": "1.8rem",
        },
      },
      Object {
        "m4": Object {
          "margin": "2.4rem",
        },
      },
      Object {
        "m5": Object {
          "margin": "3rem",
        },
      },
      Object {
        "m6": Object {
          "margin": "3.6rem",
        },
      },
      Object {
        "m7": Object {
          "margin": "4.2rem",
        },
      },
      Object {
        "m8": Object {
          "margin": "4.8rem",
        },
      },
      Object {
        "m9": Object {
          "margin": "5.4rem",
        },
      },
      Object {
        "m10": Object {
          "margin": "6rem",
        },
      },
      Object {
        "m11": Object {
          "margin": "6.6rem",
        },
      },
      Object {
        "m12": Object {
          "margin": "7.2rem",
        },
      },
      Object {
        "m13": Object {
          "margin": "7.8rem",
        },
      },
      Object {
        "m14": Object {
          "margin": "8.4rem",
        },
      },
      Object {
        "m15": Object {
          "margin": "9rem",
        },
      },
      Object {
        "m16": Object {
          "margin": "9.6rem",
        },
      },
      Object {
        "m17": Object {
          "margin": "10.2rem",
        },
      },
      Object {
        "m18": Object {
          "margin": "10.8rem",
        },
      },
      Object {
        "m19": Object {
          "margin": "11.4rem",
        },
      },
      Object {
        "m20": Object {
          "margin": "12rem",
        },
      },
      Object {
        "mt0": Object {
          "margin-top": "0rem",
        },
      },
      Object {
        "mt1": Object {
          "margin-top": "0.6rem",
        },
      },
      Object {
        "mt2": Object {
          "margin-top": "1.2rem",
        },
      },
      Object {
        "mt3": Object {
          "margin-top": "1.8rem",
        },
      },
      Object {
        "mt4": Object {
          "margin-top": "2.4rem",
        },
      },
      Object {
        "mt5": Object {
          "margin-top": "3rem",
        },
      },
      Object {
        "mt6": Object {
          "margin-top": "3.6rem",
        },
      },
      Object {
        "mt7": Object {
          "margin-top": "4.2rem",
        },
      },
      Object {
        "mt8": Object {
          "margin-top": "4.8rem",
        },
      },
      Object {
        "mt9": Object {
          "margin-top": "5.4rem",
        },
      },
      Object {
        "mt10": Object {
          "margin-top": "6rem",
        },
      },
      Object {
        "mt11": Object {
          "margin-top": "6.6rem",
        },
      },
      Object {
        "mt12": Object {
          "margin-top": "7.2rem",
        },
      },
      Object {
        "mt13": Object {
          "margin-top": "7.8rem",
        },
      },
      Object {
        "mt14": Object {
          "margin-top": "8.4rem",
        },
      },
      Object {
        "mt15": Object {
          "margin-top": "9rem",
        },
      },
      Object {
        "mt16": Object {
          "margin-top": "9.6rem",
        },
      },
      Object {
        "mt17": Object {
          "margin-top": "10.2rem",
        },
      },
      Object {
        "mt18": Object {
          "margin-top": "10.8rem",
        },
      },
      Object {
        "mt19": Object {
          "margin-top": "11.4rem",
        },
      },
      Object {
        "mt20": Object {
          "margin-top": "12rem",
        },
      },
      Object {
        "mx0": Object {
          "margin-left": "0rem",
          "margin-right": "0rem",
        },
      },
      Object {
        "mx1": Object {
          "margin-left": "0.6rem",
          "margin-right": "0.6rem",
        },
      },
      Object {
        "mx2": Object {
          "margin-left": "1.2rem",
          "margin-right": "1.2rem",
        },
      },
      Object {
        "mx3": Object {
          "margin-left": "1.8rem",
          "margin-right": "1.8rem",
        },
      },
      Object {
        "mx4": Object {
          "margin-left": "2.4rem",
          "margin-right": "2.4rem",
        },
      },
      Object {
        "mx5": Object {
          "margin-left": "3rem",
          "margin-right": "3rem",
        },
      },
      Object {
        "mx6": Object {
          "margin-left": "3.6rem",
          "margin-right": "3.6rem",
        },
      },
      Object {
        "mx7": Object {
          "margin-left": "4.2rem",
          "margin-right": "4.2rem",
        },
      },
      Object {
        "mx8": Object {
          "margin-left": "4.8rem",
          "margin-right": "4.8rem",
        },
      },
      Object {
        "mx9": Object {
          "margin-left": "5.4rem",
          "margin-right": "5.4rem",
        },
      },
      Object {
        "mx10": Object {
          "margin-left": "6rem",
          "margin-right": "6rem",
        },
      },
      Object {
        "mx11": Object {
          "margin-left": "6.6rem",
          "margin-right": "6.6rem",
        },
      },
      Object {
        "mx12": Object {
          "margin-left": "7.2rem",
          "margin-right": "7.2rem",
        },
      },
      Object {
        "mx13": Object {
          "margin-left": "7.8rem",
          "margin-right": "7.8rem",
        },
      },
      Object {
        "mx14": Object {
          "margin-left": "8.4rem",
          "margin-right": "8.4rem",
        },
      },
      Object {
        "mx15": Object {
          "margin-left": "9rem",
          "margin-right": "9rem",
        },
      },
      Object {
        "mx16": Object {
          "margin-left": "9.6rem",
          "margin-right": "9.6rem",
        },
      },
      Object {
        "mx17": Object {
          "margin-left": "10.2rem",
          "margin-right": "10.2rem",
        },
      },
      Object {
        "mx18": Object {
          "margin-left": "10.8rem",
          "margin-right": "10.8rem",
        },
      },
      Object {
        "mx19": Object {
          "margin-left": "11.4rem",
          "margin-right": "11.4rem",
        },
      },
      Object {
        "mx20": Object {
          "margin-left": "12rem",
          "margin-right": "12rem",
        },
      },
    ],
  },
  "padding": Object {
    "mobileFirstValues": Object {
      "lg": Array [
        Object {
          "p0-lg": Object {
            "padding": "0rem",
          },
        },
        Object {
          "p1-lg": Object {
            "padding": "0.6rem",
          },
        },
        Object {
          "p2-lg": Object {
            "padding": "1.2rem",
          },
        },
        Object {
          "p3-lg": Object {
            "padding": "1.8rem",
          },
        },
        Object {
          "p4-lg": Object {
            "padding": "2.4rem",
          },
        },
        Object {
          "p5-lg": Object {
            "padding": "3rem",
          },
        },
        Object {
          "p6-lg": Object {
            "padding": "3.6rem",
          },
        },
        Object {
          "p7-lg": Object {
            "padding": "4.2rem",
          },
        },
        Object {
          "p8-lg": Object {
            "padding": "4.8rem",
          },
        },
        Object {
          "p9-lg": Object {
            "padding": "5.4rem",
          },
        },
        Object {
          "p10-lg": Object {
            "padding": "6rem",
          },
        },
        Object {
          "p11-lg": Object {
            "padding": "6.6rem",
          },
        },
        Object {
          "p12-lg": Object {
            "padding": "7.2rem",
          },
        },
        Object {
          "p13-lg": Object {
            "padding": "7.8rem",
          },
        },
        Object {
          "p14-lg": Object {
            "padding": "8.4rem",
          },
        },
        Object {
          "p15-lg": Object {
            "padding": "9rem",
          },
        },
        Object {
          "p16-lg": Object {
            "padding": "9.6rem",
          },
        },
        Object {
          "p17-lg": Object {
            "padding": "10.2rem",
          },
        },
        Object {
          "p18-lg": Object {
            "padding": "10.8rem",
          },
        },
        Object {
          "p19-lg": Object {
            "padding": "11.4rem",
          },
        },
        Object {
          "p20-lg": Object {
            "padding": "12rem",
          },
        },
        Object {
          "pt0-lg": Object {
            "padding-top": "0rem",
          },
        },
        Object {
          "pt1-lg": Object {
            "padding-top": "0.6rem",
          },
        },
        Object {
          "pt2-lg": Object {
            "padding-top": "1.2rem",
          },
        },
        Object {
          "pt3-lg": Object {
            "padding-top": "1.8rem",
          },
        },
        Object {
          "pt4-lg": Object {
            "padding-top": "2.4rem",
          },
        },
        Object {
          "pt5-lg": Object {
            "padding-top": "3rem",
          },
        },
        Object {
          "pt6-lg": Object {
            "padding-top": "3.6rem",
          },
        },
        Object {
          "pt7-lg": Object {
            "padding-top": "4.2rem",
          },
        },
        Object {
          "pt8-lg": Object {
            "padding-top": "4.8rem",
          },
        },
        Object {
          "pt9-lg": Object {
            "padding-top": "5.4rem",
          },
        },
        Object {
          "pt10-lg": Object {
            "padding-top": "6rem",
          },
        },
        Object {
          "pt11-lg": Object {
            "padding-top": "6.6rem",
          },
        },
        Object {
          "pt12-lg": Object {
            "padding-top": "7.2rem",
          },
        },
        Object {
          "pt13-lg": Object {
            "padding-top": "7.8rem",
          },
        },
        Object {
          "pt14-lg": Object {
            "padding-top": "8.4rem",
          },
        },
        Object {
          "pt15-lg": Object {
            "padding-top": "9rem",
          },
        },
        Object {
          "pt16-lg": Object {
            "padding-top": "9.6rem",
          },
        },
        Object {
          "pt17-lg": Object {
            "padding-top": "10.2rem",
          },
        },
        Object {
          "pt18-lg": Object {
            "padding-top": "10.8rem",
          },
        },
        Object {
          "pt19-lg": Object {
            "padding-top": "11.4rem",
          },
        },
        Object {
          "pt20-lg": Object {
            "padding-top": "12rem",
          },
        },
        Object {
          "px0-lg": Object {
            "padding-left": "0rem",
            "padding-right": "0rem",
          },
        },
        Object {
          "px1-lg": Object {
            "padding-left": "0.6rem",
            "padding-right": "0.6rem",
          },
        },
        Object {
          "px2-lg": Object {
            "padding-left": "1.2rem",
            "padding-right": "1.2rem",
          },
        },
        Object {
          "px3-lg": Object {
            "padding-left": "1.8rem",
            "padding-right": "1.8rem",
          },
        },
        Object {
          "px4-lg": Object {
            "padding-left": "2.4rem",
            "padding-right": "2.4rem",
          },
        },
        Object {
          "px5-lg": Object {
            "padding-left": "3rem",
            "padding-right": "3rem",
          },
        },
        Object {
          "px6-lg": Object {
            "padding-left": "3.6rem",
            "padding-right": "3.6rem",
          },
        },
        Object {
          "px7-lg": Object {
            "padding-left": "4.2rem",
            "padding-right": "4.2rem",
          },
        },
        Object {
          "px8-lg": Object {
            "padding-left": "4.8rem",
            "padding-right": "4.8rem",
          },
        },
        Object {
          "px9-lg": Object {
            "padding-left": "5.4rem",
            "padding-right": "5.4rem",
          },
        },
        Object {
          "px10-lg": Object {
            "padding-left": "6rem",
            "padding-right": "6rem",
          },
        },
        Object {
          "px11-lg": Object {
            "padding-left": "6.6rem",
            "padding-right": "6.6rem",
          },
        },
        Object {
          "px12-lg": Object {
            "padding-left": "7.2rem",
            "padding-right": "7.2rem",
          },
        },
        Object {
          "px13-lg": Object {
            "padding-left": "7.8rem",
            "padding-right": "7.8rem",
          },
        },
        Object {
          "px14-lg": Object {
            "padding-left": "8.4rem",
            "padding-right": "8.4rem",
          },
        },
        Object {
          "px15-lg": Object {
            "padding-left": "9rem",
            "padding-right": "9rem",
          },
        },
        Object {
          "px16-lg": Object {
            "padding-left": "9.6rem",
            "padding-right": "9.6rem",
          },
        },
        Object {
          "px17-lg": Object {
            "padding-left": "10.2rem",
            "padding-right": "10.2rem",
          },
        },
        Object {
          "px18-lg": Object {
            "padding-left": "10.8rem",
            "padding-right": "10.8rem",
          },
        },
        Object {
          "px19-lg": Object {
            "padding-left": "11.4rem",
            "padding-right": "11.4rem",
          },
        },
        Object {
          "px20-lg": Object {
            "padding-left": "12rem",
            "padding-right": "12rem",
          },
        },
      ],
      "md": Array [
        Object {
          "p0-md": Object {
            "padding": "0rem",
          },
        },
        Object {
          "p1-md": Object {
            "padding": "0.6rem",
          },
        },
        Object {
          "p2-md": Object {
            "padding": "1.2rem",
          },
        },
        Object {
          "p3-md": Object {
            "padding": "1.8rem",
          },
        },
        Object {
          "p4-md": Object {
            "padding": "2.4rem",
          },
        },
        Object {
          "p5-md": Object {
            "padding": "3rem",
          },
        },
        Object {
          "p6-md": Object {
            "padding": "3.6rem",
          },
        },
        Object {
          "p7-md": Object {
            "padding": "4.2rem",
          },
        },
        Object {
          "p8-md": Object {
            "padding": "4.8rem",
          },
        },
        Object {
          "p9-md": Object {
            "padding": "5.4rem",
          },
        },
        Object {
          "p10-md": Object {
            "padding": "6rem",
          },
        },
        Object {
          "p11-md": Object {
            "padding": "6.6rem",
          },
        },
        Object {
          "p12-md": Object {
            "padding": "7.2rem",
          },
        },
        Object {
          "p13-md": Object {
            "padding": "7.8rem",
          },
        },
        Object {
          "p14-md": Object {
            "padding": "8.4rem",
          },
        },
        Object {
          "p15-md": Object {
            "padding": "9rem",
          },
        },
        Object {
          "p16-md": Object {
            "padding": "9.6rem",
          },
        },
        Object {
          "p17-md": Object {
            "padding": "10.2rem",
          },
        },
        Object {
          "p18-md": Object {
            "padding": "10.8rem",
          },
        },
        Object {
          "p19-md": Object {
            "padding": "11.4rem",
          },
        },
        Object {
          "p20-md": Object {
            "padding": "12rem",
          },
        },
        Object {
          "pt0-md": Object {
            "padding-top": "0rem",
          },
        },
        Object {
          "pt1-md": Object {
            "padding-top": "0.6rem",
          },
        },
        Object {
          "pt2-md": Object {
            "padding-top": "1.2rem",
          },
        },
        Object {
          "pt3-md": Object {
            "padding-top": "1.8rem",
          },
        },
        Object {
          "pt4-md": Object {
            "padding-top": "2.4rem",
          },
        },
        Object {
          "pt5-md": Object {
            "padding-top": "3rem",
          },
        },
        Object {
          "pt6-md": Object {
            "padding-top": "3.6rem",
          },
        },
        Object {
          "pt7-md": Object {
            "padding-top": "4.2rem",
          },
        },
        Object {
          "pt8-md": Object {
            "padding-top": "4.8rem",
          },
        },
        Object {
          "pt9-md": Object {
            "padding-top": "5.4rem",
          },
        },
        Object {
          "pt10-md": Object {
            "padding-top": "6rem",
          },
        },
        Object {
          "pt11-md": Object {
            "padding-top": "6.6rem",
          },
        },
        Object {
          "pt12-md": Object {
            "padding-top": "7.2rem",
          },
        },
        Object {
          "pt13-md": Object {
            "padding-top": "7.8rem",
          },
        },
        Object {
          "pt14-md": Object {
            "padding-top": "8.4rem",
          },
        },
        Object {
          "pt15-md": Object {
            "padding-top": "9rem",
          },
        },
        Object {
          "pt16-md": Object {
            "padding-top": "9.6rem",
          },
        },
        Object {
          "pt17-md": Object {
            "padding-top": "10.2rem",
          },
        },
        Object {
          "pt18-md": Object {
            "padding-top": "10.8rem",
          },
        },
        Object {
          "pt19-md": Object {
            "padding-top": "11.4rem",
          },
        },
        Object {
          "pt20-md": Object {
            "padding-top": "12rem",
          },
        },
        Object {
          "px0-md": Object {
            "padding-left": "0rem",
            "padding-right": "0rem",
          },
        },
        Object {
          "px1-md": Object {
            "padding-left": "0.6rem",
            "padding-right": "0.6rem",
          },
        },
        Object {
          "px2-md": Object {
            "padding-left": "1.2rem",
            "padding-right": "1.2rem",
          },
        },
        Object {
          "px3-md": Object {
            "padding-left": "1.8rem",
            "padding-right": "1.8rem",
          },
        },
        Object {
          "px4-md": Object {
            "padding-left": "2.4rem",
            "padding-right": "2.4rem",
          },
        },
        Object {
          "px5-md": Object {
            "padding-left": "3rem",
            "padding-right": "3rem",
          },
        },
        Object {
          "px6-md": Object {
            "padding-left": "3.6rem",
            "padding-right": "3.6rem",
          },
        },
        Object {
          "px7-md": Object {
            "padding-left": "4.2rem",
            "padding-right": "4.2rem",
          },
        },
        Object {
          "px8-md": Object {
            "padding-left": "4.8rem",
            "padding-right": "4.8rem",
          },
        },
        Object {
          "px9-md": Object {
            "padding-left": "5.4rem",
            "padding-right": "5.4rem",
          },
        },
        Object {
          "px10-md": Object {
            "padding-left": "6rem",
            "padding-right": "6rem",
          },
        },
        Object {
          "px11-md": Object {
            "padding-left": "6.6rem",
            "padding-right": "6.6rem",
          },
        },
        Object {
          "px12-md": Object {
            "padding-left": "7.2rem",
            "padding-right": "7.2rem",
          },
        },
        Object {
          "px13-md": Object {
            "padding-left": "7.8rem",
            "padding-right": "7.8rem",
          },
        },
        Object {
          "px14-md": Object {
            "padding-left": "8.4rem",
            "padding-right": "8.4rem",
          },
        },
        Object {
          "px15-md": Object {
            "padding-left": "9rem",
            "padding-right": "9rem",
          },
        },
        Object {
          "px16-md": Object {
            "padding-left": "9.6rem",
            "padding-right": "9.6rem",
          },
        },
        Object {
          "px17-md": Object {
            "padding-left": "10.2rem",
            "padding-right": "10.2rem",
          },
        },
        Object {
          "px18-md": Object {
            "padding-left": "10.8rem",
            "padding-right": "10.8rem",
          },
        },
        Object {
          "px19-md": Object {
            "padding-left": "11.4rem",
            "padding-right": "11.4rem",
          },
        },
        Object {
          "px20-md": Object {
            "padding-left": "12rem",
            "padding-right": "12rem",
          },
        },
      ],
      "sm": Array [
        Object {
          "p0-sm": Object {
            "padding": "0rem",
          },
        },
        Object {
          "p1-sm": Object {
            "padding": "0.6rem",
          },
        },
        Object {
          "p2-sm": Object {
            "padding": "1.2rem",
          },
        },
        Object {
          "p3-sm": Object {
            "padding": "1.8rem",
          },
        },
        Object {
          "p4-sm": Object {
            "padding": "2.4rem",
          },
        },
        Object {
          "p5-sm": Object {
            "padding": "3rem",
          },
        },
        Object {
          "p6-sm": Object {
            "padding": "3.6rem",
          },
        },
        Object {
          "p7-sm": Object {
            "padding": "4.2rem",
          },
        },
        Object {
          "p8-sm": Object {
            "padding": "4.8rem",
          },
        },
        Object {
          "p9-sm": Object {
            "padding": "5.4rem",
          },
        },
        Object {
          "p10-sm": Object {
            "padding": "6rem",
          },
        },
        Object {
          "p11-sm": Object {
            "padding": "6.6rem",
          },
        },
        Object {
          "p12-sm": Object {
            "padding": "7.2rem",
          },
        },
        Object {
          "p13-sm": Object {
            "padding": "7.8rem",
          },
        },
        Object {
          "p14-sm": Object {
            "padding": "8.4rem",
          },
        },
        Object {
          "p15-sm": Object {
            "padding": "9rem",
          },
        },
        Object {
          "p16-sm": Object {
            "padding": "9.6rem",
          },
        },
        Object {
          "p17-sm": Object {
            "padding": "10.2rem",
          },
        },
        Object {
          "p18-sm": Object {
            "padding": "10.8rem",
          },
        },
        Object {
          "p19-sm": Object {
            "padding": "11.4rem",
          },
        },
        Object {
          "p20-sm": Object {
            "padding": "12rem",
          },
        },
        Object {
          "pt0-sm": Object {
            "padding-top": "0rem",
          },
        },
        Object {
          "pt1-sm": Object {
            "padding-top": "0.6rem",
          },
        },
        Object {
          "pt2-sm": Object {
            "padding-top": "1.2rem",
          },
        },
        Object {
          "pt3-sm": Object {
            "padding-top": "1.8rem",
          },
        },
        Object {
          "pt4-sm": Object {
            "padding-top": "2.4rem",
          },
        },
        Object {
          "pt5-sm": Object {
            "padding-top": "3rem",
          },
        },
        Object {
          "pt6-sm": Object {
            "padding-top": "3.6rem",
          },
        },
        Object {
          "pt7-sm": Object {
            "padding-top": "4.2rem",
          },
        },
        Object {
          "pt8-sm": Object {
            "padding-top": "4.8rem",
          },
        },
        Object {
          "pt9-sm": Object {
            "padding-top": "5.4rem",
          },
        },
        Object {
          "pt10-sm": Object {
            "padding-top": "6rem",
          },
        },
        Object {
          "pt11-sm": Object {
            "padding-top": "6.6rem",
          },
        },
        Object {
          "pt12-sm": Object {
            "padding-top": "7.2rem",
          },
        },
        Object {
          "pt13-sm": Object {
            "padding-top": "7.8rem",
          },
        },
        Object {
          "pt14-sm": Object {
            "padding-top": "8.4rem",
          },
        },
        Object {
          "pt15-sm": Object {
            "padding-top": "9rem",
          },
        },
        Object {
          "pt16-sm": Object {
            "padding-top": "9.6rem",
          },
        },
        Object {
          "pt17-sm": Object {
            "padding-top": "10.2rem",
          },
        },
        Object {
          "pt18-sm": Object {
            "padding-top": "10.8rem",
          },
        },
        Object {
          "pt19-sm": Object {
            "padding-top": "11.4rem",
          },
        },
        Object {
          "pt20-sm": Object {
            "padding-top": "12rem",
          },
        },
        Object {
          "px0-sm": Object {
            "padding-left": "0rem",
            "padding-right": "0rem",
          },
        },
        Object {
          "px1-sm": Object {
            "padding-left": "0.6rem",
            "padding-right": "0.6rem",
          },
        },
        Object {
          "px2-sm": Object {
            "padding-left": "1.2rem",
            "padding-right": "1.2rem",
          },
        },
        Object {
          "px3-sm": Object {
            "padding-left": "1.8rem",
            "padding-right": "1.8rem",
          },
        },
        Object {
          "px4-sm": Object {
            "padding-left": "2.4rem",
            "padding-right": "2.4rem",
          },
        },
        Object {
          "px5-sm": Object {
            "padding-left": "3rem",
            "padding-right": "3rem",
          },
        },
        Object {
          "px6-sm": Object {
            "padding-left": "3.6rem",
            "padding-right": "3.6rem",
          },
        },
        Object {
          "px7-sm": Object {
            "padding-left": "4.2rem",
            "padding-right": "4.2rem",
          },
        },
        Object {
          "px8-sm": Object {
            "padding-left": "4.8rem",
            "padding-right": "4.8rem",
          },
        },
        Object {
          "px9-sm": Object {
            "padding-left": "5.4rem",
            "padding-right": "5.4rem",
          },
        },
        Object {
          "px10-sm": Object {
            "padding-left": "6rem",
            "padding-right": "6rem",
          },
        },
        Object {
          "px11-sm": Object {
            "padding-left": "6.6rem",
            "padding-right": "6.6rem",
          },
        },
        Object {
          "px12-sm": Object {
            "padding-left": "7.2rem",
            "padding-right": "7.2rem",
          },
        },
        Object {
          "px13-sm": Object {
            "padding-left": "7.8rem",
            "padding-right": "7.8rem",
          },
        },
        Object {
          "px14-sm": Object {
            "padding-left": "8.4rem",
            "padding-right": "8.4rem",
          },
        },
        Object {
          "px15-sm": Object {
            "padding-left": "9rem",
            "padding-right": "9rem",
          },
        },
        Object {
          "px16-sm": Object {
            "padding-left": "9.6rem",
            "padding-right": "9.6rem",
          },
        },
        Object {
          "px17-sm": Object {
            "padding-left": "10.2rem",
            "padding-right": "10.2rem",
          },
        },
        Object {
          "px18-sm": Object {
            "padding-left": "10.8rem",
            "padding-right": "10.8rem",
          },
        },
        Object {
          "px19-sm": Object {
            "padding-left": "11.4rem",
            "padding-right": "11.4rem",
          },
        },
        Object {
          "px20-sm": Object {
            "padding-left": "12rem",
            "padding-right": "12rem",
          },
        },
      ],
    },
    "perBreakpointValues": Object {
      "lg": Array [],
      "md": Array [],
      "sm": Array [],
      "xs": Array [],
    },
    "values": Array [
      Object {
        "p0": Object {
          "padding": "0rem",
        },
      },
      Object {
        "p1": Object {
          "padding": "0.6rem",
        },
      },
      Object {
        "p2": Object {
          "padding": "1.2rem",
        },
      },
      Object {
        "p3": Object {
          "padding": "1.8rem",
        },
      },
      Object {
        "p4": Object {
          "padding": "2.4rem",
        },
      },
      Object {
        "p5": Object {
          "padding": "3rem",
        },
      },
      Object {
        "p6": Object {
          "padding": "3.6rem",
        },
      },
      Object {
        "p7": Object {
          "padding": "4.2rem",
        },
      },
      Object {
        "p8": Object {
          "padding": "4.8rem",
        },
      },
      Object {
        "p9": Object {
          "padding": "5.4rem",
        },
      },
      Object {
        "p10": Object {
          "padding": "6rem",
        },
      },
      Object {
        "p11": Object {
          "padding": "6.6rem",
        },
      },
      Object {
        "p12": Object {
          "padding": "7.2rem",
        },
      },
      Object {
        "p13": Object {
          "padding": "7.8rem",
        },
      },
      Object {
        "p14": Object {
          "padding": "8.4rem",
        },
      },
      Object {
        "p15": Object {
          "padding": "9rem",
        },
      },
      Object {
        "p16": Object {
          "padding": "9.6rem",
        },
      },
      Object {
        "p17": Object {
          "padding": "10.2rem",
        },
      },
      Object {
        "p18": Object {
          "padding": "10.8rem",
        },
      },
      Object {
        "p19": Object {
          "padding": "11.4rem",
        },
      },
      Object {
        "p20": Object {
          "padding": "12rem",
        },
      },
      Object {
        "pt0": Object {
          "padding-top": "0rem",
        },
      },
      Object {
        "pt1": Object {
          "padding-top": "0.6rem",
        },
      },
      Object {
        "pt2": Object {
          "padding-top": "1.2rem",
        },
      },
      Object {
        "pt3": Object {
          "padding-top": "1.8rem",
        },
      },
      Object {
        "pt4": Object {
          "padding-top": "2.4rem",
        },
      },
      Object {
        "pt5": Object {
          "padding-top": "3rem",
        },
      },
      Object {
        "pt6": Object {
          "padding-top": "3.6rem",
        },
      },
      Object {
        "pt7": Object {
          "padding-top": "4.2rem",
        },
      },
      Object {
        "pt8": Object {
          "padding-top": "4.8rem",
        },
      },
      Object {
        "pt9": Object {
          "padding-top": "5.4rem",
        },
      },
      Object {
        "pt10": Object {
          "padding-top": "6rem",
        },
      },
      Object {
        "pt11": Object {
          "padding-top": "6.6rem",
        },
      },
      Object {
        "pt12": Object {
          "padding-top": "7.2rem",
        },
      },
      Object {
        "pt13": Object {
          "padding-top": "7.8rem",
        },
      },
      Object {
        "pt14": Object {
          "padding-top": "8.4rem",
        },
      },
      Object {
        "pt15": Object {
          "padding-top": "9rem",
        },
      },
      Object {
        "pt16": Object {
          "padding-top": "9.6rem",
        },
      },
      Object {
        "pt17": Object {
          "padding-top": "10.2rem",
        },
      },
      Object {
        "pt18": Object {
          "padding-top": "10.8rem",
        },
      },
      Object {
        "pt19": Object {
          "padding-top": "11.4rem",
        },
      },
      Object {
        "pt20": Object {
          "padding-top": "12rem",
        },
      },
      Object {
        "px0": Object {
          "padding-left": "0rem",
          "padding-right": "0rem",
        },
      },
      Object {
        "px1": Object {
          "padding-left": "0.6rem",
          "padding-right": "0.6rem",
        },
      },
      Object {
        "px2": Object {
          "padding-left": "1.2rem",
          "padding-right": "1.2rem",
        },
      },
      Object {
        "px3": Object {
          "padding-left": "1.8rem",
          "padding-right": "1.8rem",
        },
      },
      Object {
        "px4": Object {
          "padding-left": "2.4rem",
          "padding-right": "2.4rem",
        },
      },
      Object {
        "px5": Object {
          "padding-left": "3rem",
          "padding-right": "3rem",
        },
      },
      Object {
        "px6": Object {
          "padding-left": "3.6rem",
          "padding-right": "3.6rem",
        },
      },
      Object {
        "px7": Object {
          "padding-left": "4.2rem",
          "padding-right": "4.2rem",
        },
      },
      Object {
        "px8": Object {
          "padding-left": "4.8rem",
          "padding-right": "4.8rem",
        },
      },
      Object {
        "px9": Object {
          "padding-left": "5.4rem",
          "padding-right": "5.4rem",
        },
      },
      Object {
        "px10": Object {
          "padding-left": "6rem",
          "padding-right": "6rem",
        },
      },
      Object {
        "px11": Object {
          "padding-left": "6.6rem",
          "padding-right": "6.6rem",
        },
      },
      Object {
        "px12": Object {
          "padding-left": "7.2rem",
          "padding-right": "7.2rem",
        },
      },
      Object {
        "px13": Object {
          "padding-left": "7.8rem",
          "padding-right": "7.8rem",
        },
      },
      Object {
        "px14": Object {
          "padding-left": "8.4rem",
          "padding-right": "8.4rem",
        },
      },
      Object {
        "px15": Object {
          "padding-left": "9rem",
          "padding-right": "9rem",
        },
      },
      Object {
        "px16": Object {
          "padding-left": "9.6rem",
          "padding-right": "9.6rem",
        },
      },
      Object {
        "px17": Object {
          "padding-left": "10.2rem",
          "padding-right": "10.2rem",
        },
      },
      Object {
        "px18": Object {
          "padding-left": "10.8rem",
          "padding-right": "10.8rem",
        },
      },
      Object {
        "px19": Object {
          "padding-left": "11.4rem",
          "padding-right": "11.4rem",
        },
      },
      Object {
        "px20": Object {
          "padding-left": "12rem",
          "padding-right": "12rem",
        },
      },
    ],
  },
}
`;

exports[`Battery propsCompile matches snapshot 1`] = `
Object {
  "margin": Array [
    Object {
      "propName": "m",
      "props": Array [
        "margin",
      ],
    },
    Object {
      "propName": "mt",
      "props": Array [
        "margin-top",
      ],
    },
    Object {
      "propName": "mx",
      "props": Array [
        "margin-right",
        "margin-left",
      ],
    },
  ],
  "padding": Array [
    Object {
      "propName": "p",
      "props": Array [
        "padding",
      ],
    },
    Object {
      "propName": "pt",
      "props": Array [
        "padding-top",
      ],
    },
    Object {
      "propName": "px",
      "props": Array [
        "padding-right",
        "padding-left",
      ],
    },
  ],
}
`;

exports[`Battery scaleUnits matches snapshot 1`] = `
Object {
  "0": "0rem",
  "1": "0.6rem",
  "10": "6rem",
  "11": "6.6rem",
  "12": "7.2rem",
  "13": "7.8rem",
  "14": "8.4rem",
  "15": "9rem",
  "16": "9.6rem",
  "17": "10.2rem",
  "18": "10.8rem",
  "19": "11.4rem",
  "2": "1.2rem",
  "20": "12rem",
  "3": "1.8rem",
  "4": "2.4rem",
  "5": "3rem",
  "6": "3.6rem",
  "7": "4.2rem",
  "8": "4.8rem",
  "9": "5.4rem",
}
`;
