exports[`Battery classCompile matches snapshot 1`] = `
Object {
  "py1": Object {
    "padding-bottom": "0.6rem",
    "padding-top": "0.6rem",
  },
}
`;

exports[`Battery propsCompile matches snapshot 1`] = `
Object {
  "margin": Array [
    Object {
      "propName": "m",
      "props": Array [
        "margin",
      ],
    },
    Object {
      "propName": "mt",
      "props": Array [
        "margin-top",
      ],
    },
    Object {
      "propName": "mx",
      "props": Array [
        "margin-right",
        "margin-left",
      ],
    },
  ],
  "padding": Array [
    Object {
      "propName": "p",
      "props": Array [
        "padding",
      ],
    },
    Object {
      "propName": "pt",
      "props": Array [
        "padding-top",
      ],
    },
    Object {
      "propName": "px",
      "props": Array [
        "padding-right",
        "padding-left",
      ],
    },
  ],
}
`;

exports[`Battery scaleUnits matches snapshot 1`] = `
Array [
  Object {
    "value": "0rem",
    "valueName": "0",
    "valueType": "none",
  },
  Object {
    "value": "0.6rem",
    "valueName": "1",
    "valueType": "none",
  },
  Object {
    "value": "1.2rem",
    "valueName": "2",
    "valueType": "none",
  },
  Object {
    "value": "1.8rem",
    "valueName": "3",
    "valueType": "none",
  },
  Object {
    "value": "2.4rem",
    "valueName": "4",
    "valueType": "none",
  },
  Object {
    "value": "3rem",
    "valueName": "5",
    "valueType": "none",
  },
  Object {
    "value": "3.6rem",
    "valueName": "6",
    "valueType": "none",
  },
  Object {
    "value": "4.2rem",
    "valueName": "7",
    "valueType": "none",
  },
  Object {
    "value": "4.8rem",
    "valueName": "8",
    "valueType": "none",
  },
  Object {
    "value": "5.4rem",
    "valueName": "9",
    "valueType": "none",
  },
  Object {
    "value": "6rem",
    "valueName": "10",
    "valueType": "none",
  },
  Object {
    "value": "6.6rem",
    "valueName": "11",
    "valueType": "none",
  },
  Object {
    "value": "7.2rem",
    "valueName": "12",
    "valueType": "none",
  },
  Object {
    "value": "7.8rem",
    "valueName": "13",
    "valueType": "none",
  },
  Object {
    "value": "8.4rem",
    "valueName": "14",
    "valueType": "none",
  },
  Object {
    "value": "9rem",
    "valueName": "15",
    "valueType": "none",
  },
  Object {
    "value": "9.6rem",
    "valueName": "16",
    "valueType": "none",
  },
  Object {
    "value": "10.2rem",
    "valueName": "17",
    "valueType": "none",
  },
  Object {
    "value": "10.8rem",
    "valueName": "18",
    "valueType": "none",
  },
  Object {
    "value": "11.4rem",
    "valueName": "19",
    "valueType": "none",
  },
  Object {
    "value": "12rem",
    "valueName": "20",
    "valueType": "none",
  },
]
`;
