exports[`propsCompile border matches snapshot 1`] = `
Object {
  "border-radius": Array [
    Object {
      "propName": "",
      "props": Array [
        "border-radius",
      ],
    },
    Object {
      "propName": "top",
      "props": Array [
        "border-top-left-radius",
        "border-top-right-radius",
      ],
    },
    Object {
      "propName": "right",
      "props": Array [
        "border-top-right-radius",
        "border-bottom-right-radius",
      ],
    },
    Object {
      "propName": "bottom",
      "props": Array [
        "border-bottom-left-radius",
        "border-bottom-right-radius",
      ],
    },
    Object {
      "propName": "left",
      "props": Array [
        "border-top-left-radius",
        "border-bottom-left-radius",
      ],
    },
    Object {
      "propName": "top-right",
      "props": Array [
        "border-top-right-radius",
      ],
    },
    Object {
      "propName": "bottom-right",
      "props": Array [
        "border-bottom-right-radius",
      ],
    },
    Object {
      "propName": "top-left",
      "props": Array [
        "border-top-left-radius",
      ],
    },
    Object {
      "propName": "bottom-left",
      "props": Array [
        "border-bottom-left-radius",
      ],
    },
  ],
}
`;

exports[`propsCompile regular matches snapshot 1`] = `
Object {
  "margin": Array [
    Object {
      "propName": "m",
      "props": Array [
        "margin",
      ],
    },
    Object {
      "propName": "mt",
      "props": Array [
        "margin-top",
      ],
    },
    Object {
      "propName": "mx",
      "props": Array [
        "margin-right",
        "margin-left",
      ],
    },
  ],
  "padding": Array [
    Object {
      "propName": "p",
      "props": Array [
        "padding",
      ],
    },
    Object {
      "propName": "pt",
      "props": Array [
        "padding-top",
      ],
    },
    Object {
      "propName": "px",
      "props": Array [
        "padding-right",
        "padding-left",
      ],
    },
  ],
}
`;
